VSCode API file write test at 2025-08-08T15:44:38.343Z